// Jest Snapshot v1, https://goo.gl/fbAQLP

exports[`Test on <GifGridItem /> Should show the correct component 1`] = `
<div
  className="card animate__fadeIn"
>
  <img
    alt="Title"
    src="https://localhost/logo.png"
  />
  <p>
    Title
  </p>
</div>
`;
